filename: git-ignoring-temporary-changes-20260320.txt
https://blog.narf.ssji.net/2026/03/18/git-ignoring-temporary-changes/

Git: ignoring temporary changes
2026-03-18

One can use git add [-N|--intent-to-add] <PATH> to record that a new path will need to be considered in
later additions to the index. But what about the other way round? How to tell git that a change SHOULD NOT be
considered?

tl;dr: git update-index --assume-unchanged <PATH>

Screenshot of a terminal:
[17:33:58] ~/src/tests/assume-unchanged$ echo a > a 0s   main
[17:34:01] ~/src/tests/assume-unchanged$ git status 0s * main
On branch main

No commits yet

Untracked files:
    (use "git add <file>..." to include in what will be committed)
          a
nothing added to commit but untracked files present (use "git add" to track)
[17:34:05] ~/src/tests/assume-unchanged$ git add -N a 0s * main
[17:34:07] ~/src/tests/assume-unchanged$ git status     0s main
On branch main

No commits yet

Changes not staged for commit:
    (use "git add <file>..." to update what will be committed)
    (use "git restore <file>..." to discard changes in working directory)
          new file: a
no changes added to commit (use "git add" and/or "git commit -a")
[17:34:08] ~/src/tests/assume-unchanged$ git add -p 0s main
diff --git a/a b/a
new file mode 100644
index 0000000..7898192
--- /dev/null
+++ b/a
@@ -0,0 +1 @@
+a
(1/1) Stage addition [y,n,q,a,d,e,p,P,?]? y

[17:34:11] ~/src/tests/assume-unchanged$ git commit -m 'a' 2s + main
[main (root-commit) 023d084] a
    1 file changed, 1 insertion(+)
    create mode 100644 a

Fortunately, there is the git update-index(1) command. Amongst (many) other options, it supports
--assume-unchanged <PATH>. This will tell git to ignore current and any further changes to this <PATH>, until
--no-assume-unchanged is used.

Screenshot of a terminal:
[17:36:00] ~/src/tests/assume-unchanged$ echo b > a 0s main
[17:36:02] ~/src/tests/assume-unchanged$ git status 0s * main
On branch main
Changes not staged for commit:
    (use "git add <file>..." to update what will be committed)
    (use "git restore <file>..." to discard changes in working directory)
          modified: a

no changes added to commit (use "git add" and/or "git commit -a")
[17:36:03] ~/src/tests/assume-unchanged$ git update-index --assume-unchanged a
[17:36:10] ~/src/tests/assume-unchanged$ git status 0s main
On branch main
nothing to commit, working tree clean
[17:36:12] ~/src/tests/assume-unchanged$ echo c > a 0s main
[17:36:14] ~/src/tests/assume-unchanged$ git status 0s main
On branch main
nothing to commit, working tree clean
[17:36:15] ~/src/tests/assume-unchanged$ git update-index --no-assume-unchanged a
[17:36:18] ~/src/tests/assume-unchanged$ git status 0s * main
On branch main
Changes not staged for commit:
    (use "git add <file>..." to update what will be committed)
    (use "git restore <file>..." to discard changes in working directory)
          modified: a
no changes added to commit (use "git add" and/or "git commit -a")

This abuses the initial purpose of the assume-unchanged logic, but it´s handy for when you want test changes
to survive for a bit longer, without risking committing them when git adding in wild abandon. Also, a footgun
for when you think your repository is clean, but it has some magic in an assumed-unchanged file you forgot
about. You can use git ls-files -v to check the status of your files (h is assumed unchanged, H is normal
behaviour).

Screenshot of a terminal:
[17:46:02] ~/src/tests/assume-unchanged$ git ls-files -v 0s * main
H a
[17:46:06] ~/src/tests/assume-unchanged$ git update-index --assume-unchanged
a
[17:46:13] ~/src/tests/assume-unchanged$ git ls-files -v 0s main
h a
[17:46:14] ~/src/tests/assume-unchanged$ git update-index --no-assume-unchanged
a
[17:48:00] ~/src/tests/assume-unchanged$ git ls-files -v 0s * main
H a


---

