filename: git_merge-conflicts_20230803.txt
https://linuxconcept.com/git-merge-conflicts/

A comprehensive guide to understanding Git merge conflicts and how to resolve them

Introduction
   Welcome to this comprehensive guide on understanding and resolving Git merge conflicts. As one of the
   most powerful and popular version control systems, Git is a cornerstone in the world of DevOps. It
   empowers teams to work on shared codebases without stepping on each other's toes. However, sometimes
   toes do get stepped on, and the result is what we call a merge conflict. Let's delve into it.

Understanding Git Merge Conflicts
   When multiple people work on the same codebase, they make changes to the code in their local
   environments. When these changes are committed to the repository, Git tries to merge these changes.
   However, when two commits modify the same line in contradictory ways, Git cannot decide which change
   to accept. This situation is called a merge conflict.

   For instance, let's say you have this conflict message:
CONFLICT (content): Merge conflict in file.txt
Automatic merge failed; fix conflicts and then commit the result.

   This message indicates a merge conflict in 'file.txt', and it's now up to you to resolve this
   conflict.

Preventing Git Merge Conflicts
   While it's essential to know how to solve merge conflicts, preventing them in the first place is even
   better. Follow best practices such as pulling changes from the remote repository before making local
   changes, maintaining communication within your team about who is working on what, and using separate
   branches for separate features.

Hands-On: Encountering a Git Merge Conflict
   Now, let's simulate a merge conflict. Consider the following sequence of commands:
# Initialize a new Git repository
$> git init
Initialized empty Git repository in /home/user/merge-demo/.git/

# Create a new file
$> echo "Hello World" > file.txt

# Add the file to Git
$> git add file.txt

# Make the initial commit
$> git commit -m "Initial commit"
[master (root-commit) b345d9a] Initial commit
 1 file changed, 1 insertion(+)
 create mode 100644 file.txt

# Make a change in the master branch
$> echo "Change in master branch" >> file.txt

# Commit the change
$> git commit -am "Change in master branch"
[master 5dc0a1b] Change in master branch
 1 file changed, 1 insertion(+)

# Switch to a new branch
$> git checkout -b feature_branch
Switched to a new branch 'feature_branch'

# Make a conflicting change in the new branch
$> echo "Change in feature branch" >> file.txt

# Commit the change
$> git commit -am "Change in feature branch"
[feature_branch d17a8b5] Change in feature branch
 1 file changed, 1 insertion(+)

# Try to merge the master branch into the new branch
$> git merge master
Auto-merging file.txt
CONFLICT (content): Merge conflict in file.txt
Automatic merge failed; fix conflicts and then commit the result.

   Here, we have a merge conflict in 'file.txt' due to the conflicting changes made in the 'master' and
   'feature_branch' branches.

How to Resolve Git Merge Conflicts
   Now, let's resolve this merge conflict. When we open 'file.txt', we see the following:
Hello World
<<<<<<< HEAD
Change in feature branch
=======
Change in master branch
>>>>>>> master

   The '<<<<<<< HEAD', '=======', and '>>>>>>> master' lines are conflict markers added by Git. The
   changes from the HEAD (current or feature branch) are listed before the '=======' line and the
   changes from the branch being merged in (master branch) are listed after.

   Now, let's resolve this by accepting the change in the feature branch:
Hello World
Change in feature branch

   After editing, we need to add the resolved file to Git and commit it:
# Add the resolved file
$> git add file.txt

# Commit the changes
$> git commit -m "Resolved merge conflict"
[feature_branch 1a2b3c4] Resolved merge conflict

Dealing with Complex Merge Conflicts
   Sometimes, conflicts can be complex and daunting. In such cases, 'git rebase' could be a lifesaver.
   It rewrites the commit history and applies your changes one by one, allowing you to resolve conflicts
   along the way.

Tools to Help Resolve Git Merge Conflicts
   There are various tools available to help resolve merge conflicts, such as Kdiff3, Meld, and P4Merge.
   These provide graphical interfaces to manage conflicts and can be hooked into Git.

Frequently Asked Questions (FAQs)

What is a Git merge conflict?
   A Git merge conflict occurs when there are competing changes to the same line of a file, or when one
   person edits a file and another person deletes the same file.

How can I avoid Git merge conflicts?
   To avoid merge conflicts, always pull the latest changes from the remote repository before starting
   your work. Also, consider working in separate branches and merge frequently. Maintaining
   communication with your team about what everyone is working on can also help prevent conflicts.

How can I simulate a Git merge conflict for practice?
   You can simulate a Git merge conflict by creating a new local repository, creating a file, making
   different changes in different branches, and then trying to merge those branches.

What do the conflict markers in Git mean?
   The lines '<<<<<<<', '=======', and '>>>>>>>' are conflict markers added by Git to indicate where the
   conflict occurred. The changes from your current branch (HEAD) are listed before the '=======' line
   and the changes from the branch being merged are listed after.

How do I resolve a Git merge conflict?
   To resolve a Git merge conflict, edit the conflicted file to remove the conflict markers and make the
   file look like what you want. Then, add the resolved file to Git with 'git add <file>', and commit
   the changes with 'git commit'.

What is 'git rebase' and how can it help with merge conflicts?
   Git rebase is a command that allows you to move or combine a sequence of commits to a new base
   commit. It's helpful with merge conflicts because it replays changes from your branch one by one,
   allowing you to resolve conflicts in a more granular way.

What tools can help resolve Git merge conflicts?
   Tools like Kdiff3, Meld, and P4Merge can help resolve merge conflicts. These tools provide graphical
   interfaces to manage conflicts and can be integrated with Git.

Can Git automatically resolve merge conflicts?
   In some cases, Git can automatically resolve conflicts with certain strategies like 'ours' or
   'theirs'. But in many cases, a human needs to step in and manually resolve the conflict.

Conclusion
   In the world of collaborative code development, merge conflicts are inevitable. It's crucial to
   understand them and know how to resolve them. With the right approach, they can be a tool for
   improving code quality and consistency, rather than a headache.


---

