filename: /c/Users/gregor.redelonghi/Dropbox/ODPRTO/_TXT/howto_create-partition-larger-2tb-multif_20170411.txt
https://www.cyberciti.biz/tips/fdisk-unable-to-create-partition-greater-2tb.html

Linux Creating a Partition Size Larger Than 2TB

   on November 6, 2007 

   Frankly speaking, you cannot create a Linux partition larger than 2 TB using the fdisk command. The
   fdisk won’t create partitions larger than 2 TB. This is fine for desktop and laptop users, but on
   server you need a large partition. For example, you cannot create 3TB or 4TB partition size (RAID
   based) using the fdisk command. It will not allow you to create a partition that is greater than 2TB.
   In this tutorial, you will learn more about creating Linux filesystems greater than 2 Terabytes to
   support enterprise grade operation under any Linux distribution.

   To solve this problem use GNU parted command with GPT. It supports Intel EFI/GPT partition tables.
   Partition Table (GPT) is a standard for the layout of the partition table on a physical hard disk. It
   is a part of the Extensible Firmware Interface (EFI) standard proposed by Intel as a replacement for
   the outdated PC BIOS, one of the few remaining relics of the original IBM PC. EFI uses GPT where BIOS
   uses a Master Boot Record (MBR).

                                           GUID Partition Table

Linux GPT Kernel Support
   EFI GUID Partition support works on both 32bit and 64bit platforms. You must include GPT support in
   kernel in order to use GPT. If you don’t include GPT support in Linux kernelt, after rebooting the
   server, the file system will no longer be mountable or the GPT table will get corrupted. By default
   Redhat Enterprise Linux / CentOS comes with GPT kernel support. However, if you are using Debian or
   Ubuntu Linux, you need to recompile the kernel. Set CONFIG_EFI_PARTITION to y to compile this
   feature.
File Systems
   Partition Types
     [*] Advanced partition selection
     [*] EFI GUID Partition support (NEW)
....

Find Out Current Disk Size

   Type the following command:
   # fdisk -l /dev/sdb
   Sample outputs:
Disk /dev/sdb: 3000.6 GB, 3000592982016 bytes
255 heads, 63 sectors/track, 364801 cylinders
Units = cylinders of 16065 * 512 = 8225280 bytes
Sector size (logical/physical): 512 bytes / 512 bytes
I/O size (minimum/optimal): 512 bytes / 512 bytes
Disk identifier: 0x00000000

Disk /dev/sdb doesn't contain a valid partition table

Linux Create 3TB partition size

   To create a partition start GNU parted as follows:
   # parted /dev/sdb
   Output:
GNU Parted 2.3
Using /dev/sdb
Welcome to GNU Parted! Type 'help' to view a list of commands.
(parted)

   Creates a new GPT disklabel i.e. partition table:
(parted) mklabel gpt

   Sample outputs:
Warning: The existing disk label on /dev/sdb will be destroyed and all data on this disk will be lost. Do you
want to continue?
Yes/No? yes
(parted)

   Next, set the default unit to TB, enter:
(parted) unit TB

   To create a 3TB partition size, enter:
(parted) mkpart primary 0 0

   OR
(parted) mkpart primary 0.00TB 3.00TB

   To print the current partitions, enter:
(parted) print

   Sample outputs:
Model: ATA ST33000651AS (scsi)
Disk /dev/sdb: 3.00TB
Sector size (logical/physical): 512B/512B
Partition Table: gpt

Number  Start   End     Size    File system  Name     Flags
 1      0.00TB  3.00TB  3.00TB  ext4         primary

   Quit and save the changes, enter:
(parted) quit

   Sample outputs:
Information: You may need to update /etc/fstab.

   Use the mkfs.ext3 or mkfs.ext4 command to format the file system, enter:
   # mkfs.ext3 /dev/sdb1
   OR
   # mkfs.ext4 /dev/sdb1
   Sample outputs:
mkfs.ext4 /dev/sdb1
mke2fs 1.41.12 (17-May-2010)
Filesystem label=
OS type: Linux
Block size=4096 (log=2)
Fragment size=4096 (log=2)
Stride=0 blocks, Stripe width=0 blocks
183148544 inodes, 732566272 blocks
36628313 blocks (5.00%) reserved for the super user
First data block=0
Maximum filesystem blocks=4294967296
22357 block groups
32768 blocks per group, 32768 fragments per group
8192 inodes per group
Superblock backups stored on blocks:
        32768, 98304, 163840, 229376, 294912, 819200, 884736, 1605632, 2654208,
        4096000, 7962624, 11239424, 20480000, 23887872, 71663616, 78675968,
        102400000, 214990848, 512000000, 550731776, 644972544

Writing inode tables: done
Creating journal (32768 blocks): done
Writing superblocks and filesystem accounting information: done

This filesystem will be automatically checked every 31 mounts or
180 days, whichever comes first.  Use tune2fs -c or -i to override.

   Type the following commands to mount /dev/sdb1, enter:
   # mkdir /data
   # mount /dev/sdb1 /data
   # [24]df -H
   Sample outputs:
Filesystem             Size   Used  Avail Use% Mounted on
/dev/sdc1               16G   819M    14G   6% /
tmpfs                  1.6G      0   1.6G   0% /lib/init/rw
udev                   1.6G   123k   1.6G   1% /dev
tmpfs                  1.6G      0   1.6G   0% /dev/shm
/dev/sdb1              3.0T   211M   2.9T   1% /data

   Make sure you replace /dev/sdb1 with actual RAID or Disk name or Block Ethernet device such as
   /dev/etherd/e0.0. Do not forget to update /etc/fstab, if necessary. Also note that booting from a GPT
   volume requires support in your BIOS / firmware. This is not supported on non-EFI platforms. I
   suggest you boot server from another disk such as IDE / SATA / SSD disk and store data on /data.


---
https://duntuk.com/how-install-new-drive-linux-larger-2tb-proper-alignment

How to install a new drive in Linux larger than 2TB with proper alignment

   Created on 2014-Feb-14
   Updated on 2014-Mar-14

   Let's assume that we already have a primary physical drive in our system (HDD or SDD), and have added
   a second drive to our box, which we need to partition and mount automatically on boot.

   Here's how to that:

Let's see what physical drives we have installed in our server:

ls /dev/sd*

   Since this is our 2nd drive, you should see /dev/sdb.

   Example:
/dev/sda  /dev/sda1  /dev/sda2  /dev/sda3  /dev/sdb

   Let see the currently mounted drives and partition layout:
lsblk -o NAME,FSTYPE,SIZE,MOUNTPOINT,LABEL

   Here's a full list of all available lsblk options:
       NAME  device name
      KNAME  internal kernel device name
    MAJ:MIN  major:minor device number
     FSTYPE  filesystem type
 MOUNTPOINT  where the device is mounted
      LABEL  filesystem LABEL
       UUID  filesystem UUID
         RO  read-only device
         RM  removable device
      MODEL  device identifier
       SIZE  size of the device
      STATE  state of the device
      OWNER  user name
      GROUP  group name
       MODE  device node permissions
  ALIGNMENT  alignment offset
     MIN-IO  minimum I/O size
     OPT-IO  optimal I/O size
    PHY-SEC  physical sector size
    LOG-SEC  logical sector size
       ROTA  rotational device
      SCHED  I/O scheduler name
    RQ-SIZE  request queue size
       TYPE  device type
   DISC-ALN  discard alignment offset
  DISC-GRAN  discard granularity
   DISC-MAX  discard max bytes
  DISC-ZERO  discard zeroes data

(optional) If your initial attempt failed, and you want to start from scratch

   We can do the following; otherwise [6]skip this step:

   In case the new drive is mounted, let's unmount it:
umount /NAMEOFPARTITION

   Note: the above command is spelled "umount" and NOT "unmount". This gets a lot of people.

   Let's delete all partitions on the new drive:
fdisk /dev/sdb

   Once in fdisk type the following:
d
# this deletes the partition
w
# this saves the new partition structure and exist

How to partition a drive if it's LARGER than 2TB

   If this drive is larger than 2TB, then we need to use parted and not fdisk--fdisk has a 2TB partition
   limit:
parted /dev/sdb

   Now do following in parted, (confirming everything):
        mklabel gpt
        unit TB
        mkpart primary 0 100%

    # Or to align properly see here:
    # http://h10025.www1.hp.com/ewfrf/wc/document?docname=c03479326&cc=us&dlc=en&lc=en
    # Example this is what I used for my 3TB HDD
    # mkpart primary 4096s 100%

    # Let's check to see if it is created:
    list
    # If everything looks good:
    quit

   Now, go to the next step to create the new filesystem.

How to partition a drive if it's SMALLER than 2TB

   Let's partition the new drive (/dev/sdb).
fdisk /dev/sdb

   Now enter the following in fdisk, (confirming everything):
# Turn off DOS compatible mode switch units to sectors<br>c
u
# View the current partition (there should be none)
p
# Create the new partition
n
1
# Now save/write the parition to disk and exit
w

   And that should create the new < 2TB partition all properly aligned, and ready to be formatted.

Let's create the new filesystem and format it.

   (you can replace "private" with whatever you want):
mkfs.ext4 -L /private /dev/sdb1

   Let's create the directory/location (mount point) where we'll mount the new drive partition to:

   mkdir /private

   Now we mount it to test to see if there are no error:
mount /dev/sdb1 /private

   Check that everything is cool using lsblk--plus we can now get the UUID of the new drive, which we'll
   need for our fstab:

   lsblk -o NAME,FSTYPE,SIZE,MOUNTPOINT,LABEL,UUID

   You should see your new drive listed (here is my 3TB, sdb1) along with it's UUID:
NAME   FSTYPE   SIZE MOUNTPOINT LABEL    UUID
sdb             2.7T
└─sdb1 ext4     2.7T /private   /private d5d7f5c6-70b7-42ea-b6f6-bd1372632eb9
sda           476.4G
├─sda1 ext4       1G /boot               59a3441c-a7f7-4ab4-aad6-5e06fadbd244
├─sda2 ext4   473.4G /                   562f20cb-e210-4e71-b50b-b6c5c2de39dc
└─sda3 swap       2G [SWAP]              e3b2e9d2-d074-4036-8e42-152753037ecd

Mount your new drive automatically on boot

   Finally, we add our new partion to /etc/fstab so it mounts automatically on every reboot.

   Let's double check our new drive's UUID
blkid

   This will show a listing of UUIDs, select the /dev/sdb1

   /dev/sdb1: LABEL="/private" UUID="d5d7f5c6-70b7-42ea-b6f6-bd1372632eb9" TYPE="ext4"

   So using the above, we can now add this to our /etc/fstab:

   vi /etc/fstab

   Enter the following:
UUID=d5d7f5c6-70b7-42ea-b6f6-bd1372632eb9 /private      ext4    defaults        1 2

   This is what it looks like in my fstab:
#
# /etc/fstab
#
UUID=562f20cb-e210-4e71-b50b-b6c5c2de39dc /            ext4    noatime,nodiratime,discard,usrquota,grpquota,er
rors=remount-ro   1 1
UUID=59a3441c-a7f7-4ab4-aad6-5e06fadbd244 /boot        ext4    defaults        1 2
# LABEL=/private                          /private     ext4    defaults        1 2
UUID=d5d7f5c6-70b7-42ea-b6f6-bd1372632eb9 /private     ext4    defaults        1 2
UUID=e3b2e9d2-d074-4036-8e42-152753037ecd swap         swap    defaults        0 0
tmpfs                                     /tmp         tmpfs   noexec,nosuid,noatime,rw,mode=1777 0 0
# NOTICE: If you uncomment the below line, user crontabs will be deleted on each reboot.
# tmpfs                                   /var/spool   tmpfs   defaults,noatime,mode=1777 0 0
tmpfs                                     /var/tmp     tmpfs   noexec,nosuid,noatime,rw,mode=1777 0 0
tmpfs                                     /dev/shm     tmpfs   defaults        0 0
devpts                                    /dev/pts     devpts  gid=5,mode=620  0 0
sysfs                                     /sys         sysfs   defaults        0 0
proc                                      /proc        proc    defaults        0 0

   And that should do it...
   Tags: [8]Linux [9]HDD [10]ssd [11]admin [12]fdisk [13]parted [14]performance

   [15]View the discussion thread.

References

   1. https://duntuk.com/how-install-new-drive-linux-larger-2tb-proper-alignment#main-content
   2. https://duntuk.com/
   3. https://duntuk.com/
   4. http://kakuzen.com/
   5. https://duntuk.com/contact
   6. https://duntuk.com/how-install-new-drive-linux-larger-2tb-proper-alignment#next-stop-larger-than-2tb
   7. https://duntuk.com/how-install-new-drive-linux-larger-2tb-proper-alignment#next-step-filesystem
   8. https://duntuk.com/categories/help/technical/server/linux
   9. https://duntuk.com/categories/hdd
  10. https://duntuk.com/categories/ssd
  11. https://duntuk.com/categories/admin
  12. https://duntuk.com/categories/fdisk
  13. https://duntuk.com/categories/parted
  14. https://duntuk.com/categories/performance
  15. http://duntuk.disqus.com/?url=https%3A%2F%2Fduntuk.com%2Fhow-install-new-drive-linux-larger-2tb-proper-alignment



---
https://www.scalescale.com/tips/nginx/partition-size-larger-than-2tb-linux/

Creating a partition size larger than 2TB on Linux
Esteban Borges Jan 6th, 2014.

Days ago I had to mount and use a 3TB SATA HD on Linux, and as I thought, I wasn’t going to be able to format
and create a new partition using fdisk command. fdisk tool won’t create partitions larger than 2 TB. This is
fine for desktop users, but on a production server you may need a large partition.

The way to solve this issue was to use GNU parted command with GPT (partition table). This is the full how to
in case you need it:

Create 3TB partition size on Linux

Run gparted as follows, replace sdb with your real disk name:
	parted /dev/sdb

Output:

	GNU Parted 2.3
	Using /dev/sdb
	Welcome to GNU Parted! Type 'help' to view a list of commands.
	(parted)

Now type “mklabel gpt“, as you see below:
	(parted) mklabel gpt

Output should be something like this:
	Warning: The existing disk label on /dev/sdb will be destroyed and all data on this disk will be lost.
	Do you want to continue? 
	Yes/No? yes
	(parted)

Now, let’s set default size unit to TB, type “unit TB” and press enter:
	(parted) unit TB

Type: mkpart primary 0.00TB 3.00TB to create a 3TB partition:
	(parted) mkpart primary 0.00TB 3.00TB

To print the current partitions, type p :
	(parted) p

Sample outputs:
	Disk /dev/sdb: 3.00TB
	Sector size (logical/physical): 512B/512B
	Partition Table: gpt
	Number  Start   End     Size    File system  Name     Flags
	 1      0.00TB  3.00TB  3.00TB  ext4         primary
	 
Now type quit to exit the gparted console.
	(parted) quit

Now format the new patition:
	mkfs.ext4 /dev/sdb1

Mount the new drive:
	mkdir /mnt/3tbdisk
	mount /dev/sdb1 /mnt/3tbdisk

Now add that mount point to /etc/fstab, example:
	/dev/sdb1 /mnt/3tbdisk ext4 defaults 0 1

Now type df -ah to see if the drive is mounted properly, you should see something like this:
	/dev/sdb1 3.0T 321M 2.9T 1% /mnt/3tbdisk


---
http://www.thegeekstuff.com/2012/08/2tb-gtp-parted/

How to Create Partition on Linux for >2TB Size using Parted GPT

   by Ramesh Natarajan
   on August 1, 2012

   Question: I have a disk that is greater than 2TB size. I cannot create a partition on this >2TB disk
   using fdisk. Can you explain me with an example on how to create a partition on a disk that is larger
   than 2TB using parted and GPT format?
   
***
   Answer: If you are using fdisk to create partition on a >2TB disk, you’ll get the following warning
   message.
# fdisk /dev/sdb
Warning: invalid flag 0x0000 of partition table 4 will be corrected by w(rite)

WARNING: The size of this disk is 5.9 TB (5908688535552 bytes).
DOS partition table format can not be used on drives for volumes
larger than (2199023255040 bytes) for 512-byte sectors. Use parted(1) and GUID
partition table format (GPT).

Creating 2TB partition using Fdisk
   The size of the disk in this example is roughly 6 TB. You can still create a partition in this disk
   for 2TB using fdisk as shown below.
# fdisk /dev/sdb1
Command (m for help): n
Command action
   e   extended
   p   primary partition (1-4)
p
Partition number (1-4): 1
First cylinder (1-718357, default 1):
Using default value 1
Last cylinder, +cylinders or +size{K,M,G} (1-267349, default 267349):
Using default value 267349

   As you see above, even though there are 718357 cylinders available on this disk (this is for total of
   roughly 6TB), the last cylinder value it shows is only 267349 (which is roughly close to 2TB in this
   example).

   So, fdisk has created a partition of 2 TB as shown below (even though the disk size is around 6 TB).
Command (m for help): p

Disk /dev/sdb: 5908.7 GB, 5908688535552 bytes
255 heads, 63 sectors/track, 718357 cylinders
Units = cylinders of 16065 * 512 = 8225280 bytes
Sector size (logical/physical): 512 bytes / 512 bytes
I/O size (minimum/optimal): 512 bytes / 512 bytes
Disk identifier: 0x3dffd626

   Device Boot      Start         End      Blocks   Id  System
/dev/sdb1               1      267349  2147480811   83  Linux

Set Partition Table to GPT using Parted mklabel

   In our case, we need to create a partition >2TB. So, we should use parted command.
   Before creating the partition command, we should set the disk label to GPT.
   GPT stands for GUID partition table format (GPT).

   Use parted’s mklabel command to set disk label to GPT as shown below.
# parted /dev/sdb
GNU Parted 2.1
Using /dev/sdb
Welcome to GNU Parted! Type 'help' to view a list of commands.

(parted) print
Error: /dev/sdb: unrecognised disk label

(parted) mklabel gpt

(parted) print
Model: Unknown (unknown)
Disk /dev/sdb: 5909GB
Sector size (logical/physical): 512B/512B
Partition Table: gpt

Number  Start  End  Size  File system  Name  Flags

Create >2TB Partition using Parted mkpart
   Use parted’s mkpart command as shown below to create partition that is greater than 2TB. In this
   example, we are creating a partition that is roughly of 6TB in size.
# parted /dev/sdb

(parted) mkpart primary 0GB 5909GB

(parted) print
Model: Unknown (unknown)
Disk /dev/sdb: 5909GB
Sector size (logical/physical): 512B/512B
Partition Table: gpt

Number  Start   End     Size    File system  Name     Flags
 1      1049kB  5909GB  5909GB               primary

   To understand how to use parted command effectively, refer to: [13]9 Linux Parted Command Examples.

   Just for curiosity, let us see how this >2TB partition is displayed in fdisk. As you see below, it
   still shows the size as roughly 2TB (under the Blocks columns). However there is a + at the end
   indicating that this is greater than 2TB. The System column displays “GPT”.
# fdisk /dev/sdb

Command (m for help): print

Disk /dev/sdb: 5908.7 GB, 5908688535552 bytes
255 heads, 63 sectors/track, 718357 cylinders
Units = cylinders of 16065 * 512 = 8225280 bytes
Sector size (logical/physical): 512 bytes / 512 bytes
I/O size (minimum/optimal): 512 bytes / 512 bytes
Disk identifier: 0x00000000

   Device Boot      Start         End      Blocks   Id  System
/dev/sdb1               1      267350  2147483647+  ee  GPT

Format and Mount the Partition
   Use mkfs to format the partition. This will take some time depending the size of the partition.
   You’ll see that it is “Writing inode tables” and the counter will keep increasing. In this example,
   it roughly took around 15 minutes to complete the mkfs.
# mkfs /dev/sdb1
mke2fs 1.41.12 (17-May-2010)
Filesystem label=
OS type: Linux
Block size=4096 (log=2)
Fragment size=4096 (log=2)
Stride=0 blocks, Stripe width=0 blocks
360644608 inodes, 1442550528 blocks
72127526 blocks (5.00%) reserved for the super user
First data block=0
Maximum filesystem blocks=4294967296
44024 block groups
32768 blocks per group, 32768 fragments per group
8192 inodes per group
Superblock backups stored on blocks:
        32768, 98304, 163840, 229376, 294912, 819200, 884736, 1605632, 2654208,
        4096000, 7962624, 11239424, 20480000, 23887872, 71663616, 78675968,
        102400000, 214990848, 512000000, 550731776, 644972544

Writing inode tables:  3955/44024
Writing inode tables:  5022/44024
Writing inode tables:  7218/44024
Writing inode tables: done
Writing superblocks and filesystem accounting information: done

This filesystem will be automatically checked every 23 mounts or
180 days, whichever comes first.  Use tune2fs -c or -i to override.

   Finally, mount this >2TB partition.
# mkdir /data

# mount /dev/sdb1 /data

# df -h
Filesystem            Size  Used Avail Use% Mounted on
/dev/sda1             127G  1.6G  119G   2% /
/dev/sdb1             5.3T   59M  5.1T   1% /data
